// Jest Snapshot v1, https://goo.gl/fbAQLP

exports[`FacilityFilter component renders properly 1`] = `ReactWrapper {}`;
