// Jest Snapshot v1, https://goo.gl/fbAQLP

exports[`HotelFilter Component renders properly 1`] = `ReactWrapper {}`;
