// Jest Snapshot v1, https://goo.gl/fbAQLP

exports[`StarRatingFilter Component renders properly 1`] = `ReactWrapper {}`;
